// Jest Snapshot v1, https://goo.gl/fbAQLP

exports[`renders correctly 1`] = `
<div
  className="sc-htpNat gifSVp"
  wrap={true}
>
  Foo
</div>
`;
